{
	"latRange": [48.85, 48.87],
	"lonRange": [2.29, 2.3]
}
